Archive member included to satisfy reference by file (symbol)

c:/program files (x86)/atollic/truestudio for stm32 9.1.0/armtools/bin/../lib/gcc/arm-atollic-eabi/6.3.1/../../../../arm-atollic-eabi/lib/armv7e-m/fpu\libc_nano.a(lib_a-init.o)
                              startup\startup_stm32f407xx.o (__libc_init_array)
c:/program files (x86)/atollic/truestudio for stm32 9.1.0/armtools/bin/../lib/gcc/arm-atollic-eabi/6.3.1/../../../../arm-atollic-eabi/lib/armv7e-m/fpu\libc_nano.a(lib_a-malloc.o)
                              Middlewares\ST\STM32_USB_Device_Library\Class\CDC\Src\usbd_cdc.o (malloc)
c:/program files (x86)/atollic/truestudio for stm32 9.1.0/armtools/bin/../lib/gcc/arm-atollic-eabi/6.3.1/../../../../arm-atollic-eabi/lib/armv7e-m/fpu\libc_nano.a(lib_a-memset.o)
                              Src\main.o (memset)
c:/program files (x86)/atollic/truestudio for stm32 9.1.0/armtools/bin/../lib/gcc/arm-atollic-eabi/6.3.1/../../../../arm-atollic-eabi/lib/armv7e-m/fpu\libc_nano.a(lib_a-nano-freer.o)
                              c:/program files (x86)/atollic/truestudio for stm32 9.1.0/armtools/bin/../lib/gcc/arm-atollic-eabi/6.3.1/../../../../arm-atollic-eabi/lib/armv7e-m/fpu\libc_nano.a(lib_a-malloc.o) (_free_r)
c:/program files (x86)/atollic/truestudio for stm32 9.1.0/armtools/bin/../lib/gcc/arm-atollic-eabi/6.3.1/../../../../arm-atollic-eabi/lib/armv7e-m/fpu\libc_nano.a(lib_a-nano-mallocr.o)
                              c:/program files (x86)/atollic/truestudio for stm32 9.1.0/armtools/bin/../lib/gcc/arm-atollic-eabi/6.3.1/../../../../arm-atollic-eabi/lib/armv7e-m/fpu\libc_nano.a(lib_a-malloc.o) (_malloc_r)
c:/program files (x86)/atollic/truestudio for stm32 9.1.0/armtools/bin/../lib/gcc/arm-atollic-eabi/6.3.1/../../../../arm-atollic-eabi/lib/armv7e-m/fpu\libc_nano.a(lib_a-sbrkr.o)
                              c:/program files (x86)/atollic/truestudio for stm32 9.1.0/armtools/bin/../lib/gcc/arm-atollic-eabi/6.3.1/../../../../arm-atollic-eabi/lib/armv7e-m/fpu\libc_nano.a(lib_a-nano-mallocr.o) (_sbrk_r)
c:/program files (x86)/atollic/truestudio for stm32 9.1.0/armtools/bin/../lib/gcc/arm-atollic-eabi/6.3.1/../../../../arm-atollic-eabi/lib/armv7e-m/fpu\libc_nano.a(lib_a-impure.o)
                              c:/program files (x86)/atollic/truestudio for stm32 9.1.0/armtools/bin/../lib/gcc/arm-atollic-eabi/6.3.1/../../../../arm-atollic-eabi/lib/armv7e-m/fpu\libc_nano.a(lib_a-malloc.o) (_impure_ptr)
c:/program files (x86)/atollic/truestudio for stm32 9.1.0/armtools/bin/../lib/gcc/arm-atollic-eabi/6.3.1/../../../../arm-atollic-eabi/lib/armv7e-m/fpu\libc_nano.a(lib_a-mlock.o)
                              c:/program files (x86)/atollic/truestudio for stm32 9.1.0/armtools/bin/../lib/gcc/arm-atollic-eabi/6.3.1/../../../../arm-atollic-eabi/lib/armv7e-m/fpu\libc_nano.a(lib_a-nano-freer.o) (__malloc_lock)
c:/program files (x86)/atollic/truestudio for stm32 9.1.0/armtools/bin/../lib/gcc/arm-atollic-eabi/6.3.1/../../../../arm-atollic-eabi/lib/armv7e-m/fpu\libc_nano.a(lib_a-reent.o)
                              c:/program files (x86)/atollic/truestudio for stm32 9.1.0/armtools/bin/../lib/gcc/arm-atollic-eabi/6.3.1/../../../../arm-atollic-eabi/lib/armv7e-m/fpu\libc_nano.a(lib_a-sbrkr.o) (errno)
c:/program files (x86)/atollic/truestudio for stm32 9.1.0/armtools/bin/../lib/gcc/arm-atollic-eabi/6.3.1/armv7e-m/fpu\libgcc.a(_aeabi_uldivmod.o)
                              Drivers\STM32F4xx_HAL_Driver\Src\stm32f4xx_hal_rcc.o (__aeabi_uldivmod)
c:/program files (x86)/atollic/truestudio for stm32 9.1.0/armtools/bin/../lib/gcc/arm-atollic-eabi/6.3.1/armv7e-m/fpu\libgcc.a(_udivmoddi4.o)
                              c:/program files (x86)/atollic/truestudio for stm32 9.1.0/armtools/bin/../lib/gcc/arm-atollic-eabi/6.3.1/armv7e-m/fpu\libgcc.a(_aeabi_uldivmod.o) (__udivmoddi4)
c:/program files (x86)/atollic/truestudio for stm32 9.1.0/armtools/bin/../lib/gcc/arm-atollic-eabi/6.3.1/armv7e-m/fpu\libgcc.a(_dvmd_tls.o)
                              c:/program files (x86)/atollic/truestudio for stm32 9.1.0/armtools/bin/../lib/gcc/arm-atollic-eabi/6.3.1/armv7e-m/fpu\libgcc.a(_aeabi_uldivmod.o) (__aeabi_ldiv0)
c:/program files (x86)/atollic/truestudio for stm32 9.1.0/armtools/bin/../lib/gcc/arm-atollic-eabi/6.3.1/../../../../arm-atollic-eabi/lib/armv7e-m/fpu\libnosys.a(sbrk.o)
                              c:/program files (x86)/atollic/truestudio for stm32 9.1.0/armtools/bin/../lib/gcc/arm-atollic-eabi/6.3.1/../../../../arm-atollic-eabi/lib/armv7e-m/fpu\libc_nano.a(lib_a-sbrkr.o) (_sbrk)

Allocating common symbols
Common symbol       size              file

hUsbDeviceFS        0x224             Src\usb_device.o
errno               0x4               c:/program files (x86)/atollic/truestudio for stm32 9.1.0/armtools/bin/../lib/gcc/arm-atollic-eabi/6.3.1/../../../../arm-atollic-eabi/lib/armv7e-m/fpu\libc_nano.a(lib_a-reent.o)
hpcd_USB_OTG_FS     0x3f0             Src\usbd_conf.o
[...]
Memory Configuration

Name             Origin             Length             Attributes
RAM              0x20000000         0x00020000         xrw
CCMRAM           0x10000000         0x00010000         rw
FLASH            0x08000000         0x00100000         xr
*default*        0x00000000         0xffffffff

Linker script and memory map

LOAD c:/program files (x86)/atollic/truestudio for stm32 9.1.0/armtools/bin/../lib/gcc/arm-atollic-eabi/6.3.1/armv7e-m/fpu/crti.o
LOAD c:/program files (x86)/atollic/truestudio for stm32 9.1.0/armtools/bin/../lib/gcc/arm-atollic-eabi/6.3.1/armv7e-m/fpu/crtbegin.o
LOAD Drivers\STM32F4xx_HAL_Driver\Src\stm32f4xx_hal.o
LOAD Drivers\STM32F4xx_HAL_Driver\Src\stm32f4xx_hal_cortex.o
LOAD Drivers\STM32F4xx_HAL_Driver\Src\stm32f4xx_hal_dma.o
LOAD Drivers\STM32F4xx_HAL_Driver\Src\stm32f4xx_hal_dma_ex.o
LOAD Drivers\STM32F4xx_HAL_Driver\Src\stm32f4xx_hal_flash.o
LOAD Drivers\STM32F4xx_HAL_Driver\Src\stm32f4xx_hal_flash_ex.o
LOAD Drivers\STM32F4xx_HAL_Driver\Src\stm32f4xx_hal_flash_ramfunc.o
LOAD Drivers\STM32F4xx_HAL_Driver\Src\stm32f4xx_hal_gpio.o
LOAD Drivers\STM32F4xx_HAL_Driver\Src\stm32f4xx_hal_pcd.o
LOAD Drivers\STM32F4xx_HAL_Driver\Src\stm32f4xx_hal_pcd_ex.o
LOAD Drivers\STM32F4xx_HAL_Driver\Src\stm32f4xx_hal_pwr.o
LOAD Drivers\STM32F4xx_HAL_Driver\Src\stm32f4xx_hal_pwr_ex.o
LOAD Drivers\STM32F4xx_HAL_Driver\Src\stm32f4xx_hal_rcc.o
LOAD Drivers\STM32F4xx_HAL_Driver\Src\stm32f4xx_hal_rcc_ex.o
LOAD Drivers\STM32F4xx_HAL_Driver\Src\stm32f4xx_hal_tim.o
LOAD Drivers\STM32F4xx_HAL_Driver\Src\stm32f4xx_hal_tim_ex.o
LOAD Drivers\STM32F4xx_HAL_Driver\Src\stm32f4xx_ll_usb.o
LOAD Middlewares\ST\STM32_USB_Device_Library\Class\CDC\Src\usbd_cdc.o
LOAD Middlewares\ST\STM32_USB_Device_Library\Core\Src\usbd_core.o
LOAD Middlewares\ST\STM32_USB_Device_Library\Core\Src\usbd_ctlreq.o
LOAD Middlewares\ST\STM32_USB_Device_Library\Core\Src\usbd_ioreq.o
LOAD Src\main.o
LOAD Src\stm32f4xx_hal_msp.o
LOAD Src\stm32f4xx_it.o
LOAD Src\system_stm32f4xx.o
LOAD Src\usb_device.o
LOAD Src\usbd_cdc_if.o
LOAD Src\usbd_conf.o
LOAD Src\usbd_desc.o
LOAD startup\startup_stm32f407xx.o
                0x00000080                malloc_getpagesize_P = 0x80
START GROUP
LOAD c:/program files (x86)/atollic/truestudio for stm32 9.1.0/armtools/bin/../lib/gcc/arm-atollic-eabi/6.3.1/../../../../arm-atollic-eabi/lib/armv7e-m/fpu\libc_nano.a
LOAD c:/program files (x86)/atollic/truestudio for stm32 9.1.0/armtools/bin/../lib/gcc/arm-atollic-eabi/6.3.1/../../../../arm-atollic-eabi/lib/armv7e-m/fpu\libm.a
END GROUP
START GROUP
LOAD c:/program files (x86)/atollic/truestudio for stm32 9.1.0/armtools/bin/../lib/gcc/arm-atollic-eabi/6.3.1/armv7e-m/fpu\libgcc.a
LOAD c:/program files (x86)/atollic/truestudio for stm32 9.1.0/armtools/bin/../lib/gcc/arm-atollic-eabi/6.3.1/../../../../arm-atollic-eabi/lib/armv7e-m/fpu\libc_nano.a
END GROUP
START GROUP
LOAD c:/program files (x86)/atollic/truestudio for stm32 9.1.0/armtools/bin/../lib/gcc/arm-atollic-eabi/6.3.1/armv7e-m/fpu\libgcc.a
LOAD c:/program files (x86)/atollic/truestudio for stm32 9.1.0/armtools/bin/../lib/gcc/arm-atollic-eabi/6.3.1/../../../../arm-atollic-eabi/lib/armv7e-m/fpu\libc_nano.a
LOAD c:/program files (x86)/atollic/truestudio for stm32 9.1.0/armtools/bin/../lib/gcc/arm-atollic-eabi/6.3.1/../../../../arm-atollic-eabi/lib/armv7e-m/fpu\libnosys.a
END GROUP
START GROUP
LOAD c:/program files (x86)/atollic/truestudio for stm32 9.1.0/armtools/bin/../lib/gcc/arm-atollic-eabi/6.3.1/armv7e-m/fpu\libgcc.a
LOAD c:/program files (x86)/atollic/truestudio for stm32 9.1.0/armtools/bin/../lib/gcc/arm-atollic-eabi/6.3.1/../../../../arm-atollic-eabi/lib/armv7e-m/fpu\libc_nano.a
LOAD c:/program files (x86)/atollic/truestudio for stm32 9.1.0/armtools/bin/../lib/gcc/arm-atollic-eabi/6.3.1/../../../../arm-atollic-eabi/lib/armv7e-m/fpu\libnosys.a
END GROUP
LOAD c:/program files (x86)/atollic/truestudio for stm32 9.1.0/armtools/bin/../lib/gcc/arm-atollic-eabi/6.3.1/armv7e-m/fpu/crtend.o
LOAD c:/program files (x86)/atollic/truestudio for stm32 9.1.0/armtools/bin/../lib/gcc/arm-atollic-eabi/6.3.1/armv7e-m/fpu/crtn.o
                0x20020000                _estack = 0x20020000
                0x00000200                _Min_Heap_Size = 0x200
                0x00000400                _Min_Stack_Size = 0x400

.isr_vector     0x08000000      0x188
                0x08000000                . = ALIGN (0x4)
 *(.isr_vector)
 .isr_vector    0x08000000      0x188 startup\startup_stm32f407xx.o
                0x08000000                g_pfnVectors
                0x08000188                . = ALIGN (0x4)

.text           0x08000188     0x2e10
                0x08000188                . = ALIGN (0x4)
 *(.text)
 .text          0x08000188       0x40 c:/program files (x86)/atollic/truestudio for stm32 9.1.0/armtools/bin/../lib/gcc/arm-atollic-eabi/6.3.1/armv7e-m/fpu/crtbegin.o
 .text          0x080001c8       0x30 c:/program files (x86)/atollic/truestudio for stm32 9.1.0/armtools/bin/../lib/gcc/arm-atollic-eabi/6.3.1/armv7e-m/fpu\libgcc.a(_aeabi_uldivmod.o)
                0x080001c8                __aeabi_uldivmod
 .text          0x080001f8      0x2dc c:/program files (x86)/atollic/truestudio for stm32 9.1.0/armtools/bin/../lib/gcc/arm-atollic-eabi/6.3.1/armv7e-m/fpu\libgcc.a(_udivmoddi4.o)
                0x080001f8                __udivmoddi4
 .text          0x080004d4        0x4 c:/program files (x86)/atollic/truestudio for stm32 9.1.0/armtools/bin/../lib/gcc/arm-atollic-eabi/6.3.1/armv7e-m/fpu\libgcc.a(_dvmd_tls.o)
                0x080004d4                __aeabi_idiv0
                0x080004d4                __aeabi_ldiv0
 *(.text*)
 .text.HAL_InitTick
                0x080004d8       0x48 Drivers\STM32F4xx_HAL_Driver\Src\stm32f4xx_hal.o
                0x080004d8                HAL_InitTick
 .text.HAL_Init
                0x08000520       0x34 Drivers\STM32F4xx_HAL_Driver\Src\stm32f4xx_hal.o
                0x08000520                HAL_Init
 .text.HAL_IncTick
                0x08000554       0x18 Drivers\STM32F4xx_HAL_Driver\Src\stm32f4xx_hal.o
                0x08000554                HAL_IncTick
 .text.HAL_GetTick
                0x0800056c        0xc Drivers\STM32F4xx_HAL_Driver\Src\stm32f4xx_hal.o
                0x0800056c                HAL_GetTick
 .text.HAL_Delay
                0x08000578       0x28 Drivers\STM32F4xx_HAL_Driver\Src\stm32f4xx_hal.o
                0x08000578                HAL_Delay
 .text.HAL_NVIC_SetPriorityGrouping
                0x080005a0       0x24 Drivers\STM32F4xx_HAL_Driver\Src\stm32f4xx_hal_cortex.o
                0x080005a0                HAL_NVIC_SetPriorityGrouping
 .text.HAL_NVIC_SetPriority
                0x080005c4       0x68 Drivers\STM32F4xx_HAL_Driver\Src\stm32f4xx_hal_cortex.o
                0x080005c4                HAL_NVIC_SetPriority
 .text.HAL_NVIC_EnableIRQ
                0x0800062c       0x18 Drivers\STM32F4xx_HAL_Driver\Src\stm32f4xx_hal_cortex.o
                0x0800062c                HAL_NVIC_EnableIRQ
 .text.HAL_SYSTICK_Config
                0x08000644       0x2c Drivers\STM32F4xx_HAL_Driver\Src\stm32f4xx_hal_cortex.o
                0x08000644                HAL_SYSTICK_Config
 .text.HAL_GPIO_Init
                0x08000670      0x1c0 Drivers\STM32F4xx_HAL_Driver\Src\stm32f4xx_hal_gpio.o
                0x08000670                HAL_GPIO_Init
 .text.HAL_GPIO_WritePin
                0x08000830        0xa Drivers\STM32F4xx_HAL_Driver\Src\stm32f4xx_hal_gpio.o
                0x08000830                HAL_GPIO_WritePin
 .text.HAL_PCD_Init
                0x0800083a       0xd8 Drivers\STM32F4xx_HAL_Driver\Src\stm32f4xx_hal_pcd.o
                0x0800083a                HAL_PCD_Init
 .text.HAL_PCD_Start
                0x08000912       0x2a Drivers\STM32F4xx_HAL_Driver\Src\stm32f4xx_hal_pcd.o
                0x08000912                HAL_PCD_Start
 .text.HAL_PCD_IRQHandler
                0x0800093c      0x558 Drivers\STM32F4xx_HAL_Driver\Src\stm32f4xx_hal_pcd.o
                0x0800093c                HAL_PCD_IRQHandler
 .text.HAL_PCD_SetAddress
                0x08000e94       0x24 Drivers\STM32F4xx_HAL_Driver\Src\stm32f4xx_hal_pcd.o
                0x08000e94                HAL_PCD_SetAddress
 .text.HAL_PCD_EP_Open
                0x08000eb8       0x5c Drivers\STM32F4xx_HAL_Driver\Src\stm32f4xx_hal_pcd.o
                0x08000eb8                HAL_PCD_EP_Open
 .text.HAL_PCD_EP_Close
                0x08000f14       0x46 Drivers\STM32F4xx_HAL_Driver\Src\stm32f4xx_hal_pcd.o
                0x08000f14                HAL_PCD_EP_Close
 .text.HAL_PCD_EP_Receive
                0x08000f5a       0x48 Drivers\STM32F4xx_HAL_Driver\Src\stm32f4xx_hal_pcd.o
                0x08000f5a                HAL_PCD_EP_Receive
 .text.HAL_PCD_EP_GetRxCount
                0x08000fa2       0x10 Drivers\STM32F4xx_HAL_Driver\Src\stm32f4xx_hal_pcd.o
                0x08000fa2                HAL_PCD_EP_GetRxCount
 .text.HAL_PCD_EP_Transmit
                0x08000fb2       0x40 Drivers\STM32F4xx_HAL_Driver\Src\stm32f4xx_hal_pcd.o
                0x08000fb2                HAL_PCD_EP_Transmit
 .text.HAL_PCD_EP_SetStall
                0x08000ff2       0x58 Drivers\STM32F4xx_HAL_Driver\Src\stm32f4xx_hal_pcd.o
                0x08000ff2                HAL_PCD_EP_SetStall
 .text.HAL_PCD_EP_ClrStall
                0x0800104a       0x4a Drivers\STM32F4xx_HAL_Driver\Src\stm32f4xx_hal_pcd.o
                0x0800104a                HAL_PCD_EP_ClrStall
 .text.HAL_PCDEx_SetTxFiFo
                0x08001094       0x42 Drivers\STM32F4xx_HAL_Driver\Src\stm32f4xx_hal_pcd_ex.o
                0x08001094                HAL_PCDEx_SetTxFiFo
 .text.HAL_PCDEx_SetRxFiFo
                0x080010d6        0x8 Drivers\STM32F4xx_HAL_Driver\Src\stm32f4xx_hal_pcd_ex.o
                0x080010d6                HAL_PCDEx_SetRxFiFo
 *fill*         0x080010de        0x2 
 .text.HAL_RCC_OscConfig
                0x080010e0      0x304 Drivers\STM32F4xx_HAL_Driver\Src\stm32f4xx_hal_rcc.o
                0x080010e0                HAL_RCC_OscConfig
 .text.HAL_RCC_GetSysClockFreq
                0x080013e4       0x5c Drivers\STM32F4xx_HAL_Driver\Src\stm32f4xx_hal_rcc.o
                0x080013e4                HAL_RCC_GetSysClockFreq
 .text.HAL_RCC_ClockConfig
                0x08001440      0x134 Drivers\STM32F4xx_HAL_Driver\Src\stm32f4xx_hal_rcc.o
                0x08001440                HAL_RCC_ClockConfig
 .text.HAL_RCC_GetHCLKFreq
                0x08001574        0xc Drivers\STM32F4xx_HAL_Driver\Src\stm32f4xx_hal_rcc.o
                0x08001574                HAL_RCC_GetHCLKFreq
 .text.USB_CoreInit
                0x08001580       0x74 Drivers\STM32F4xx_HAL_Driver\Src\stm32f4xx_ll_usb.o
                0x08001580                USB_CoreInit
 .text.USB_EnableGlobalInt
                0x080015f4        0xc Drivers\STM32F4xx_HAL_Driver\Src\stm32f4xx_ll_usb.o
                0x080015f4                USB_EnableGlobalInt
 .text.USB_DisableGlobalInt
                0x08001600        0xc Drivers\STM32F4xx_HAL_Driver\Src\stm32f4xx_ll_usb.o
                0x08001600                USB_DisableGlobalInt
 .text.USB_SetCurrentMode
                0x0800160c       0x2e Drivers\STM32F4xx_HAL_Driver\Src\stm32f4xx_ll_usb.o
                0x0800160c                USB_SetCurrentMode
 *fill*         0x0800163a        0x2 
 .text.USB_DevInit
                0x0800163c      0x138 Drivers\STM32F4xx_HAL_Driver\Src\stm32f4xx_ll_usb.o
                0x0800163c                USB_DevInit
 .text.USB_FlushTxFifo
                0x08001774       0x24 Drivers\STM32F4xx_HAL_Driver\Src\stm32f4xx_ll_usb.o
                0x08001774                USB_FlushTxFifo
 .text.USB_FlushRxFifo
                0x08001798       0x20 Drivers\STM32F4xx_HAL_Driver\Src\stm32f4xx_ll_usb.o
                0x08001798                USB_FlushRxFifo
 .text.USB_SetDevSpeed
                0x080017b8        0xe Drivers\STM32F4xx_HAL_Driver\Src\stm32f4xx_ll_usb.o
                0x080017b8                USB_SetDevSpeed
 .text.USB_GetDevSpeed
                0x080017c6       0x36 Drivers\STM32F4xx_HAL_Driver\Src\stm32f4xx_ll_usb.o
                0x080017c6                USB_GetDevSpeed
 .text.USB_ActivateEndpoint
                0x080017fc       0x7e Drivers\STM32F4xx_HAL_Driver\Src\stm32f4xx_ll_usb.o
                0x080017fc                USB_ActivateEndpoint
 .text.USB_DeactivateEndpoint
                0x0800187a        0x4 Drivers\STM32F4xx_HAL_Driver\Src\stm32f4xx_ll_usb.o
                0x0800187a                USB_DeactivateEndpoint
 *fill*         0x0800187e        0x2 
 .text.USB_DeactivateDedicatedEndpoint
                0x08001880       0xb0 Drivers\STM32F4xx_HAL_Driver\Src\stm32f4xx_ll_usb.o
                0x08001880                USB_DeactivateDedicatedEndpoint
 .text.USB_EPStartXfer
                0x08001930      0x18c Drivers\STM32F4xx_HAL_Driver\Src\stm32f4xx_ll_usb.o
                0x08001930                USB_EPStartXfer
 .text.USB_EP0StartXfer
                0x08001abc       0xda Drivers\STM32F4xx_HAL_Driver\Src\stm32f4xx_ll_usb.o
                0x08001abc                USB_EP0StartXfer
 .text.USB_WritePacket
                0x08001b96       0x28 Drivers\STM32F4xx_HAL_Driver\Src\stm32f4xx_ll_usb.o
                0x08001b96                USB_WritePacket
 .text.USB_ReadPacket
                0x08001bbe       0x1c Drivers\STM32F4xx_HAL_Driver\Src\stm32f4xx_ll_usb.o
                0x08001bbe                USB_ReadPacket
 .text.USB_EPSetStall
                0x08001bda       0x3e Drivers\STM32F4xx_HAL_Driver\Src\stm32f4xx_ll_usb.o
                0x08001bda                USB_EPSetStall
 .text.USB_EPClearStall
                0x08001c18       0x32 Drivers\STM32F4xx_HAL_Driver\Src\stm32f4xx_ll_usb.o
                0x08001c18                USB_EPClearStall
 .text.USB_SetDevAddress
                0x08001c4a       0x20 Drivers\STM32F4xx_HAL_Driver\Src\stm32f4xx_ll_usb.o
                0x08001c4a                USB_SetDevAddress
 .text.USB_DevConnect
                0x08001c6a       0x18 Drivers\STM32F4xx_HAL_Driver\Src\stm32f4xx_ll_usb.o
                0x08001c6a                USB_DevConnect
 .text.USB_DevDisconnect
                0x08001c82       0x18 Drivers\STM32F4xx_HAL_Driver\Src\stm32f4xx_ll_usb.o
                0x08001c82                USB_DevDisconnect
 .text.USB_ReadInterrupts
                0x08001c9a        0x8 Drivers\STM32F4xx_HAL_Driver\Src\stm32f4xx_ll_usb.o
                0x08001c9a                USB_ReadInterrupts
 .text.USB_ReadDevAllOutEpInterrupt
                0x08001ca2       0x10 Drivers\STM32F4xx_HAL_Driver\Src\stm32f4xx_ll_usb.o
                0x08001ca2                USB_ReadDevAllOutEpInterrupt
 .text.USB_ReadDevAllInEpInterrupt
                0x08001cb2       0x10 Drivers\STM32F4xx_HAL_Driver\Src\stm32f4xx_ll_usb.o
                0x08001cb2                USB_ReadDevAllInEpInterrupt
 .text.USB_ReadDevOutEPInterrupt
                0x08001cc2       0x14 Drivers\STM32F4xx_HAL_Driver\Src\stm32f4xx_ll_usb.o
                0x08001cc2                USB_ReadDevOutEPInterrupt
 .text.USB_ReadDevInEPInterrupt
                0x08001cd6       0x20 Drivers\STM32F4xx_HAL_Driver\Src\stm32f4xx_ll_usb.o
                0x08001cd6                USB_ReadDevInEPInterrupt
 .text.USB_GetMode
                0x08001cf6        0x8 Drivers\STM32F4xx_HAL_Driver\Src\stm32f4xx_ll_usb.o
                0x08001cf6                USB_GetMode
 .text.USB_ActivateSetup
                0x08001cfe       0x36 Drivers\STM32F4xx_HAL_Driver\Src\stm32f4xx_ll_usb.o
                0x08001cfe                USB_ActivateSetup
 .text.USB_EP0_OutStart
                0x08001d34       0x46 Drivers\STM32F4xx_HAL_Driver\Src\stm32f4xx_ll_usb.o
                0x08001d34                USB_EP0_OutStart
 *fill*         0x08001d7a        0x2 
 .text.USB_CoreReset
                0x08001d7c       0x30 Drivers\STM32F4xx_HAL_Driver\Src\stm32f4xx_ll_usb.o
 .text.USBD_CDC_DataIn
                0x08001dac       0x12 Middlewares\ST\STM32_USB_Device_Library\Class\CDC\Src\usbd_cdc.o
 .text.USBD_CDC_EP0_RxReady
                0x08001dbe       0x28 Middlewares\ST\STM32_USB_Device_Library\Class\CDC\Src\usbd_cdc.o
 *fill*         0x08001de6        0x2 
 .text.USBD_CDC_GetFSCfgDesc
                0x08001de8        0xc Middlewares\ST\STM32_USB_Device_Library\Class\CDC\Src\usbd_cdc.o
 .text.USBD_CDC_GetHSCfgDesc
                0x08001df4        0xc Middlewares\ST\STM32_USB_Device_Library\Class\CDC\Src\usbd_cdc.o
 .text.USBD_CDC_GetOtherSpeedCfgDesc
                0x08001e00        0xc Middlewares\ST\STM32_USB_Device_Library\Class\CDC\Src\usbd_cdc.o
 .text.USBD_CDC_GetDeviceQualifierDescriptor
                0x08001e0c        0xc Middlewares\ST\STM32_USB_Device_Library\Class\CDC\Src\usbd_cdc.o
                0x08001e0c                USBD_CDC_GetDeviceQualifierDescriptor
 .text.USBD_CDC_DataOut
                0x08001e18       0x2e Middlewares\ST\STM32_USB_Device_Library\Class\CDC\Src\usbd_cdc.o
 *fill*         0x08001e46        0x2 
 .text.USBD_CDC_Setup
                0x08001e48       0x68 Middlewares\ST\STM32_USB_Device_Library\Class\CDC\Src\usbd_cdc.o
 .text.USBD_CDC_DeInit
                0x08001eb0       0x3a Middlewares\ST\STM32_USB_Device_Library\Class\CDC\Src\usbd_cdc.o
 .text.USBD_CDC_Init
                0x08001eea       0x8c Middlewares\ST\STM32_USB_Device_Library\Class\CDC\Src\usbd_cdc.o
 .text.USBD_CDC_RegisterInterface
                0x08001f76        0xe Middlewares\ST\STM32_USB_Device_Library\Class\CDC\Src\usbd_cdc.o
                0x08001f76                USBD_CDC_RegisterInterface
 .text.USBD_CDC_SetTxBuffer
                0x08001f84       0x10 Middlewares\ST\STM32_USB_Device_Library\Class\CDC\Src\usbd_cdc.o
                0x08001f84                USBD_CDC_SetTxBuffer
 .text.USBD_CDC_SetRxBuffer
                0x08001f94        0xc Middlewares\ST\STM32_USB_Device_Library\Class\CDC\Src\usbd_cdc.o
                0x08001f94                USBD_CDC_SetRxBuffer
 .text.USBD_CDC_ReceivePacket
                0x08001fa0       0x26 Middlewares\ST\STM32_USB_Device_Library\Class\CDC\Src\usbd_cdc.o
                0x08001fa0                USBD_CDC_ReceivePacket
 .text.USBD_Init
                0x08001fc6       0x2a Middlewares\ST\STM32_USB_Device_Library\Core\Src\usbd_core.o
                0x08001fc6                USBD_Init
 .text.USBD_RegisterClass
                0x08001ff0        0xe Middlewares\ST\STM32_USB_Device_Library\Core\Src\usbd_core.o
                0x08001ff0                USBD_RegisterClass
 .text.USBD_Start
                0x08001ffe        0xa Middlewares\ST\STM32_USB_Device_Library\Core\Src\usbd_core.o
                0x08001ffe                USBD_Start
 .text.USBD_SetClassConfig
                0x08002008       0x16 Middlewares\ST\STM32_USB_Device_Library\Core\Src\usbd_core.o
                0x08002008                USBD_SetClassConfig
 .text.USBD_ClrClassConfig
                0x0800201e        0xe Middlewares\ST\STM32_USB_Device_Library\Core\Src\usbd_core.o
                0x0800201e                USBD_ClrClassConfig
 .text.USBD_LL_SetupStage
                0x0800202c       0x5a Middlewares\ST\STM32_USB_Device_Library\Core\Src\usbd_core.o
                0x0800202c                USBD_LL_SetupStage
 .text.USBD_LL_DataOutStage
                0x08002086       0x64 Middlewares\ST\STM32_USB_Device_Library\Core\Src\usbd_core.o
                0x08002086                USBD_LL_DataOutStage
 .text.USBD_LL_DataInStage
                0x080020ea       0x9e Middlewares\ST\STM32_USB_Device_Library\Core\Src\usbd_core.o
                0x080020ea                USBD_LL_DataInStage
 .text.USBD_LL_Reset
                0x08002188       0x3e Middlewares\ST\STM32_USB_Device_Library\Core\Src\usbd_core.o
                0x08002188                USBD_LL_Reset
 .text.USBD_LL_SetSpeed
                0x080021c6        0x6 Middlewares\ST\STM32_USB_Device_Library\Core\Src\usbd_core.o
                0x080021c6                USBD_LL_SetSpeed
 .text.USBD_LL_Suspend
                0x080021cc       0x12 Middlewares\ST\STM32_USB_Device_Library\Core\Src\usbd_core.o
                0x080021cc                USBD_LL_Suspend
 .text.USBD_LL_Resume
                0x080021de        0xc Middlewares\ST\STM32_USB_Device_Library\Core\Src\usbd_core.o
                0x080021de                USBD_LL_Resume
 .text.USBD_LL_SOF
                0x080021ea       0x18 Middlewares\ST\STM32_USB_Device_Library\Core\Src\usbd_core.o
                0x080021ea                USBD_LL_SOF
 .text.USBD_LL_IsoINIncomplete
                0x08002202        0x4 Middlewares\ST\STM32_USB_Device_Library\Core\Src\usbd_core.o
                0x08002202                USBD_LL_IsoINIncomplete
 .text.USBD_LL_IsoOUTIncomplete
                0x08002206        0x4 Middlewares\ST\STM32_USB_Device_Library\Core\Src\usbd_core.o
                0x08002206                USBD_LL_IsoOUTIncomplete
 .text.USBD_LL_DevConnected
                0x0800220a        0x4 Middlewares\ST\STM32_USB_Device_Library\Core\Src\usbd_core.o
                0x0800220a                USBD_LL_DevConnected
 .text.USBD_LL_DevDisconnected
                0x0800220e       0x16 Middlewares\ST\STM32_USB_Device_Library\Core\Src\usbd_core.o
                0x0800220e                USBD_LL_DevDisconnected
 .text.USBD_CtlError.constprop.0
                0x08002224       0x16 Middlewares\ST\STM32_USB_Device_Library\Core\Src\usbd_ctlreq.o
 *fill*         0x0800223a        0x2 
 .text.USBD_StdDevReq
                0x0800223c      0x1f4 Middlewares\ST\STM32_USB_Device_Library\Core\Src\usbd_ctlreq.o
                0x0800223c                USBD_StdDevReq
 .text.USBD_StdItfReq
                0x08002430       0x30 Middlewares\ST\STM32_USB_Device_Library\Core\Src\usbd_ctlreq.o
                0x08002430                USBD_StdItfReq
 .text.USBD_StdEPReq
                0x08002460       0xc6 Middlewares\ST\STM32_USB_Device_Library\Core\Src\usbd_ctlreq.o
                0x08002460                USBD_StdEPReq
 .text.USBD_ParseSetupRequest
                0x08002526       0x28 Middlewares\ST\STM32_USB_Device_Library\Core\Src\usbd_ctlreq.o
                0x08002526                USBD_ParseSetupRequest
 .text.USBD_GetString
                0x0800254e       0x38 Middlewares\ST\STM32_USB_Device_Library\Core\Src\usbd_ctlreq.o
                0x0800254e                USBD_GetString
 .text.USBD_CtlSendData
                0x08002586       0x1a Middlewares\ST\STM32_USB_Device_Library\Core\Src\usbd_ioreq.o
                0x08002586                USBD_CtlSendData
 .text.USBD_CtlContinueSendData
                0x080025a0       0x10 Middlewares\ST\STM32_USB_Device_Library\Core\Src\usbd_ioreq.o
                0x080025a0                USBD_CtlContinueSendData
 .text.USBD_CtlPrepareRx
                0x080025b0       0x1e Middlewares\ST\STM32_USB_Device_Library\Core\Src\usbd_ioreq.o
                0x080025b0                USBD_CtlPrepareRx
 .text.USBD_CtlContinueRx
                0x080025ce       0x10 Middlewares\ST\STM32_USB_Device_Library\Core\Src\usbd_ioreq.o
                0x080025ce                USBD_CtlContinueRx
 .text.USBD_CtlSendStatus
                0x080025de       0x16 Middlewares\ST\STM32_USB_Device_Library\Core\Src\usbd_ioreq.o
                0x080025de                USBD_CtlSendStatus
 .text.USBD_CtlReceiveStatus
                0x080025f4       0x16 Middlewares\ST\STM32_USB_Device_Library\Core\Src\usbd_ioreq.o
                0x080025f4                USBD_CtlReceiveStatus
 *fill*         0x0800260a        0x2 
 .text.SystemClock_Config
                0x0800260c       0x98 Src\main.o
                0x0800260c                SystemClock_Config
 .text.startup.main
                0x080026a4      0x1e0 Src\main.o
                0x080026a4                main
 .text.Error_Handler
                0x08002884        0x2 Src\main.o
                0x08002884                Error_Handler
 *fill*         0x08002886        0x2 
 .text.HAL_MspInit
                0x08002888       0x40 Src\stm32f4xx_hal_msp.o
                0x08002888                HAL_MspInit
 .text.NMI_Handler
                0x080028c8        0x2 Src\stm32f4xx_it.o
                0x080028c8                NMI_Handler
 .text.HardFault_Handler
                0x080028ca        0x2 Src\stm32f4xx_it.o
                0x080028ca                HardFault_Handler
 .text.MemManage_Handler
                0x080028cc        0x2 Src\stm32f4xx_it.o
                0x080028cc                MemManage_Handler
 .text.BusFault_Handler
                0x080028ce        0x2 Src\stm32f4xx_it.o
                0x080028ce                BusFault_Handler
 .text.UsageFault_Handler
                0x080028d0        0x2 Src\stm32f4xx_it.o
                0x080028d0                UsageFault_Handler
 .text.SVC_Handler
                0x080028d2        0x2 Src\stm32f4xx_it.o
                0x080028d2                SVC_Handler
 .text.DebugMon_Handler
                0x080028d4        0x2 Src\stm32f4xx_it.o
                0x080028d4                DebugMon_Handler
 .text.PendSV_Handler
                0x080028d6        0x2 Src\stm32f4xx_it.o
                0x080028d6                PendSV_Handler
 .text.SysTick_Handler
                0x080028d8        0x4 Src\stm32f4xx_it.o
                0x080028d8                SysTick_Handler
 .text.OTG_FS_IRQHandler
                0x080028dc        0xc Src\stm32f4xx_it.o
                0x080028dc                OTG_FS_IRQHandler
 .text.SystemInit
                0x080028e8       0x4c Src\system_stm32f4xx.o
                0x080028e8                SystemInit
 .text.MX_USB_DEVICE_Init
                0x08002934       0x38 Src\usb_device.o
                0x08002934                MX_USB_DEVICE_Init
 .text.CDC_DeInit_FS
                0x0800296c        0x4 Src\usbd_cdc_if.o
 .text.CDC_Receive_FS
                0x08002970       0x2c Src\usbd_cdc_if.o
 .text.CDC_Init_FS
                0x0800299c       0x28 Src\usbd_cdc_if.o
 .text.CDC_Control_FS
                0x080029c4       0x18 Src\usbd_cdc_if.o
 .text.HAL_PCD_MspInit
                0x080029dc       0x74 Src\usbd_conf.o
                0x080029dc                HAL_PCD_MspInit
 .text.HAL_PCD_SetupStageCallback
                0x08002a50        0xc Src\usbd_conf.o
                0x08002a50                HAL_PCD_SetupStageCallback
 .text.HAL_PCD_DataOutStageCallback
                0x08002a5c       0x12 Src\usbd_conf.o
                0x08002a5c                HAL_PCD_DataOutStageCallback
 .text.HAL_PCD_DataInStageCallback
                0x08002a6e       0x10 Src\usbd_conf.o
                0x08002a6e                HAL_PCD_DataInStageCallback
 .text.HAL_PCD_SOFCallback
                0x08002a7e        0x8 Src\usbd_conf.o
                0x08002a7e                HAL_PCD_SOFCallback
 .text.HAL_PCD_ResetCallback
                0x08002a86       0x20 Src\usbd_conf.o
                0x08002a86                HAL_PCD_ResetCallback
 *fill*         0x08002aa6        0x2 
 .text.HAL_PCD_SuspendCallback
                0x08002aa8       0x30 Src\usbd_conf.o
                0x08002aa8                HAL_PCD_SuspendCallback
 .text.HAL_PCD_ResumeCallback
                0x08002ad8        0x8 Src\usbd_conf.o
                0x08002ad8                HAL_PCD_ResumeCallback
 .text.HAL_PCD_ISOOUTIncompleteCallback
                0x08002ae0        0x8 Src\usbd_conf.o
                0x08002ae0                HAL_PCD_ISOOUTIncompleteCallback
 .text.HAL_PCD_ISOINIncompleteCallback
                0x08002ae8        0x8 Src\usbd_conf.o
                0x08002ae8                HAL_PCD_ISOINIncompleteCallback
 .text.HAL_PCD_ConnectCallback
                0x08002af0        0x8 Src\usbd_conf.o
                0x08002af0                HAL_PCD_ConnectCallback
 .text.HAL_PCD_DisconnectCallback
                0x08002af8        0x8 Src\usbd_conf.o
                0x08002af8                HAL_PCD_DisconnectCallback
 .text.USBD_LL_Init
                0x08002b00       0x60 Src\usbd_conf.o
                0x08002b00                USBD_LL_Init
 .text.USBD_LL_Start
                0x08002b60       0x1c Src\usbd_conf.o
                0x08002b60                USBD_LL_Start
 .text.USBD_LL_OpenEP
                0x08002b7c       0x20 Src\usbd_conf.o
                0x08002b7c                USBD_LL_OpenEP
 .text.USBD_LL_CloseEP
                0x08002b9c       0x1c Src\usbd_conf.o
                0x08002b9c                USBD_LL_CloseEP
 .text.USBD_LL_StallEP
                0x08002bb8       0x1c Src\usbd_conf.o
                0x08002bb8                USBD_LL_StallEP
 .text.USBD_LL_ClearStallEP
                0x08002bd4       0x1c Src\usbd_conf.o
                0x08002bd4                USBD_LL_ClearStallEP
 .text.USBD_LL_IsStallEP
                0x08002bf0       0x26 Src\usbd_conf.o
                0x08002bf0                USBD_LL_IsStallEP
 *fill*         0x08002c16        0x2 
 .text.USBD_LL_SetUSBAddress
                0x08002c18       0x1c Src\usbd_conf.o
                0x08002c18                USBD_LL_SetUSBAddress
 .text.USBD_LL_Transmit
                0x08002c34       0x1c Src\usbd_conf.o
                0x08002c34                USBD_LL_Transmit
 .text.USBD_LL_PrepareReceive
                0x08002c50       0x1c Src\usbd_conf.o
                0x08002c50                USBD_LL_PrepareReceive
 .text.USBD_LL_GetRxDataSize
                0x08002c6c        0xc Src\usbd_conf.o
                0x08002c6c                USBD_LL_GetRxDataSize
 .text.USBD_FS_DeviceDescriptor
                0x08002c78        0xc Src\usbd_desc.o
                0x08002c78                USBD_FS_DeviceDescriptor
 .text.USBD_FS_LangIDStrDescriptor
                0x08002c84        0xc Src\usbd_desc.o
                0x08002c84                USBD_FS_LangIDStrDescriptor
 .text.USBD_FS_ManufacturerStrDescriptor
                0x08002c90       0x1c Src\usbd_desc.o
                0x08002c90                USBD_FS_ManufacturerStrDescriptor
 .text.USBD_FS_ProductStrDescriptor
                0x08002cac       0x1c Src\usbd_desc.o
                0x08002cac                USBD_FS_ProductStrDescriptor
 .text.USBD_FS_SerialStrDescriptor
                0x08002cc8       0x1c Src\usbd_desc.o
                0x08002cc8                USBD_FS_SerialStrDescriptor
 .text.USBD_FS_ConfigStrDescriptor
                0x08002ce4       0x1c Src\usbd_desc.o
                0x08002ce4                USBD_FS_ConfigStrDescriptor
 .text.USBD_FS_InterfaceStrDescriptor
                0x08002d00       0x1c Src\usbd_desc.o
                0x08002d00                USBD_FS_InterfaceStrDescriptor
 .text.Reset_Handler
                0x08002d1c       0x50 startup\startup_stm32f407xx.o
                0x08002d1c                Reset_Handler
 .text.Default_Handler
                0x08002d6c        0x2 startup\startup_stm32f407xx.o
                0x08002d6c                RTC_Alarm_IRQHandler
                0x08002d6c                HASH_RNG_IRQHandler
                0x08002d6c                EXTI2_IRQHandler
                0x08002d6c                TIM8_CC_IRQHandler
                0x08002d6c                TIM1_CC_IRQHandler
                0x08002d6c                DMA2_Stream5_IRQHandler
                0x08002d6c                DMA1_Stream5_IRQHandler
                0x08002d6c                PVD_IRQHandler
                0x08002d6c                SDIO_IRQHandler
                0x08002d6c                TAMP_STAMP_IRQHandler
                0x08002d6c                CAN2_RX1_IRQHandler
                0x08002d6c                EXTI3_IRQHandler
                0x08002d6c                TIM8_TRG_COM_TIM14_IRQHandler
                0x08002d6c                TIM1_UP_TIM10_IRQHandler
                0x08002d6c                TIM8_UP_TIM13_IRQHandler
                0x08002d6c                I2C3_ER_IRQHandler
                0x08002d6c                EXTI0_IRQHandler
                0x08002d6c                I2C2_EV_IRQHandler
                0x08002d6c                DMA1_Stream2_IRQHandler
                0x08002d6c                CAN1_RX0_IRQHandler
                0x08002d6c                FPU_IRQHandler
                0x08002d6c                OTG_HS_WKUP_IRQHandler
                0x08002d6c                CAN2_SCE_IRQHandler
                0x08002d6c                DMA2_Stream2_IRQHandler
                0x08002d6c                SPI1_IRQHandler
                0x08002d6c                TIM6_DAC_IRQHandler
                0x08002d6c                TIM1_BRK_TIM9_IRQHandler
                0x08002d6c                DCMI_IRQHandler
                0x08002d6c                CAN2_RX0_IRQHandler
                0x08002d6c                DMA2_Stream3_IRQHandler
                0x08002d6c                USART6_IRQHandler
                0x08002d6c                USART3_IRQHandler
                0x08002d6c                CAN1_RX1_IRQHandler
                0x08002d6c                UART5_IRQHandler
                0x08002d6c                DMA2_Stream0_IRQHandler
                0x08002d6c                TIM4_IRQHandler
                0x08002d6c                I2C1_EV_IRQHandler
                0x08002d6c                DMA1_Stream6_IRQHandler
                0x08002d6c                DMA1_Stream1_IRQHandler
                0x08002d6c                UART4_IRQHandler
                0x08002d6c                TIM3_IRQHandler
                0x08002d6c                RCC_IRQHandler
                0x08002d6c                TIM8_BRK_TIM12_IRQHandler
                0x08002d6c                Default_Handler
                0x08002d6c                EXTI15_10_IRQHandler
                0x08002d6c                ADC_IRQHandler
                0x08002d6c                DMA1_Stream7_IRQHandler
                0x08002d6c                TIM7_IRQHandler
                0x08002d6c                CAN2_TX_IRQHandler
                0x08002d6c                TIM5_IRQHandler
                0x08002d6c                DMA2_Stream7_IRQHandler
                0x08002d6c                I2C3_EV_IRQHandler
                0x08002d6c                EXTI9_5_IRQHandler
                0x08002d6c                RTC_WKUP_IRQHandler
                0x08002d6c                ETH_WKUP_IRQHandler
                0x08002d6c                SPI2_IRQHandler
                0x08002d6c                OTG_HS_EP1_IN_IRQHandler
                0x08002d6c                DMA1_Stream0_IRQHandler
                0x08002d6c                CAN1_TX_IRQHandler
                0x08002d6c                EXTI4_IRQHandler
                0x08002d6c                FSMC_IRQHandler
                0x08002d6c                ETH_IRQHandler
                0x08002d6c                OTG_HS_EP1_OUT_IRQHandler
                0x08002d6c                WWDG_IRQHandler
                0x08002d6c                TIM2_IRQHandler
                0x08002d6c                OTG_FS_WKUP_IRQHandler
                0x08002d6c                TIM1_TRG_COM_TIM11_IRQHandler
                0x08002d6c                OTG_HS_IRQHandler
                0x08002d6c                EXTI1_IRQHandler
                0x08002d6c                USART2_IRQHandler
                0x08002d6c                I2C2_ER_IRQHandler
                0x08002d6c                DMA2_Stream1_IRQHandler
                0x08002d6c                CAN1_SCE_IRQHandler
                0x08002d6c                FLASH_IRQHandler
                0x08002d6c                DMA2_Stream4_IRQHandler
                0x08002d6c                USART1_IRQHandler
                0x08002d6c                SPI3_IRQHandler
                0x08002d6c                DMA1_Stream4_IRQHandler
                0x08002d6c                I2C1_ER_IRQHandler
                0x08002d6c                DMA2_Stream6_IRQHandler
                0x08002d6c                DMA1_Stream3_IRQHandler
 *fill*         0x08002d6e        0x2 
 .text.__libc_init_array
                0x08002d70       0x48 c:/program files (x86)/atollic/truestudio for stm32 9.1.0/armtools/bin/../lib/gcc/arm-atollic-eabi/6.3.1/../../../../arm-atollic-eabi/lib/armv7e-m/fpu\libc_nano.a(lib_a-init.o)
                0x08002d70                __libc_init_array
 .text.malloc   0x08002db8       0x10 c:/program files (x86)/atollic/truestudio for stm32 9.1.0/armtools/bin/../lib/gcc/arm-atollic-eabi/6.3.1/../../../../arm-atollic-eabi/lib/armv7e-m/fpu\libc_nano.a(lib_a-malloc.o)
                0x08002db8                malloc
 .text.free     0x08002dc8       0x10 c:/program files (x86)/atollic/truestudio for stm32 9.1.0/armtools/bin/../lib/gcc/arm-atollic-eabi/6.3.1/../../../../arm-atollic-eabi/lib/armv7e-m/fpu\libc_nano.a(lib_a-malloc.o)
                0x08002dc8                free
 .text.memset   0x08002dd8       0x10 c:/program files (x86)/atollic/truestudio for stm32 9.1.0/armtools/bin/../lib/gcc/arm-atollic-eabi/6.3.1/../../../../arm-atollic-eabi/lib/armv7e-m/fpu\libc_nano.a(lib_a-memset.o)
                0x08002dd8                memset
 .text._free_r  0x08002de8       0x9c c:/program files (x86)/atollic/truestudio for stm32 9.1.0/armtools/bin/../lib/gcc/arm-atollic-eabi/6.3.1/../../../../arm-atollic-eabi/lib/armv7e-m/fpu\libc_nano.a(lib_a-nano-freer.o)
                0x08002de8                _free_r
 .text._malloc_r
                0x08002e84       0xbc c:/program files (x86)/atollic/truestudio for stm32 9.1.0/armtools/bin/../lib/gcc/arm-atollic-eabi/6.3.1/../../../../arm-atollic-eabi/lib/armv7e-m/fpu\libc_nano.a(lib_a-nano-mallocr.o)
                0x08002e84                _malloc_r
 .text._sbrk_r  0x08002f40       0x20 c:/program files (x86)/atollic/truestudio for stm32 9.1.0/armtools/bin/../lib/gcc/arm-atollic-eabi/6.3.1/../../../../arm-atollic-eabi/lib/armv7e-m/fpu\libc_nano.a(lib_a-sbrkr.o)
                0x08002f40                _sbrk_r
 .text.__malloc_lock
                0x08002f60        0x2 c:/program files (x86)/atollic/truestudio for stm32 9.1.0/armtools/bin/../lib/gcc/arm-atollic-eabi/6.3.1/../../../../arm-atollic-eabi/lib/armv7e-m/fpu\libc_nano.a(lib_a-mlock.o)
                0x08002f60                __malloc_lock
 .text.__malloc_unlock
                0x08002f62        0x2 c:/program files (x86)/atollic/truestudio for stm32 9.1.0/armtools/bin/../lib/gcc/arm-atollic-eabi/6.3.1/../../../../arm-atollic-eabi/lib/armv7e-m/fpu\libc_nano.a(lib_a-mlock.o)
                0x08002f62                __malloc_unlock
 .text._sbrk    0x08002f64       0x1c c:/program files (x86)/atollic/truestudio for stm32 9.1.0/armtools/bin/../lib/gcc/arm-atollic-eabi/6.3.1/../../../../arm-atollic-eabi/lib/armv7e-m/fpu\libnosys.a(sbrk.o)
                0x08002f64                _sbrk
 *(.glue_7)
 .glue_7        0x08002f80        0x0 linker stubs
 *(.glue_7t)
 .glue_7t       0x08002f80        0x0 linker stubs
 *(.eh_frame)
 .eh_frame      0x08002f80        0x0 c:/program files (x86)/atollic/truestudio for stm32 9.1.0/armtools/bin/../lib/gcc/arm-atollic-eabi/6.3.1/armv7e-m/fpu/crtbegin.o
 *(.init)
 .init          0x08002f80        0x4 c:/program files (x86)/atollic/truestudio for stm32 9.1.0/armtools/bin/../lib/gcc/arm-atollic-eabi/6.3.1/armv7e-m/fpu/crti.o
                0x08002f80                _init
 .init          0x08002f84        0x8 c:/program files (x86)/atollic/truestudio for stm32 9.1.0/armtools/bin/../lib/gcc/arm-atollic-eabi/6.3.1/armv7e-m/fpu/crtn.o
 *(.fini)
 .fini          0x08002f8c        0x4 c:/program files (x86)/atollic/truestudio for stm32 9.1.0/armtools/bin/../lib/gcc/arm-atollic-eabi/6.3.1/armv7e-m/fpu/crti.o
                0x08002f8c                _fini
 .fini          0x08002f90        0x8 c:/program files (x86)/atollic/truestudio for stm32 9.1.0/armtools/bin/../lib/gcc/arm-atollic-eabi/6.3.1/armv7e-m/fpu/crtn.o
                0x08002f98                . = ALIGN (0x4)
                0x08002f98                _etext = .

.vfp11_veneer   0x08002f98        0x0
 .vfp11_veneer  0x08002f98        0x0 linker stubs

.v4_bx          0x08002f98        0x0
 .v4_bx         0x08002f98        0x0 linker stubs

.iplt           0x08002f98        0x0
 .iplt          0x08002f98        0x0 c:/program files (x86)/atollic/truestudio for stm32 9.1.0/armtools/bin/../lib/gcc/arm-atollic-eabi/6.3.1/armv7e-m/fpu/crtbegin.o

.rodata         0x08002f98       0x64
                0x08002f98                . = ALIGN (0x4)
 *(.rodata)
 *(.rodata*)
 .rodata.AHBPrescTable
                0x08002f98       0x10 Src\system_stm32f4xx.o
                0x08002f98                AHBPrescTable
 .rodata.CSWTCH.39
                0x08002fa8        0x4 Src\usbd_conf.o
 .rodata.USBD_FS_ConfigStrDescriptor.str1.1
                0x08002fac        0xb Src\usbd_desc.o
 .rodata.USBD_FS_InterfaceStrDescriptor.str1.1
                0x08002fb7        0xe Src\usbd_desc.o
 .rodata.USBD_FS_ManufacturerStrDescriptor.str1.1
                0x08002fc5       0x13 Src\usbd_desc.o
 .rodata.USBD_FS_ProductStrDescriptor.str1.1
                0x08002fd8       0x16 Src\usbd_desc.o
 .rodata.USBD_FS_SerialStrDescriptor.str1.1
                0x08002fee        0xd Src\usbd_desc.o
                0x08002ffc                . = ALIGN (0x4)
 *fill*         0x08002ffb        0x1 

.ARM.extab
 *(.ARM.extab* .gnu.linkonce.armextab.*)

.ARM            0x08002ffc        0x8
                0x08002ffc                __exidx_start = .
 *(.ARM.exidx*)
 .ARM.exidx     0x08002ffc        0x8 c:/program files (x86)/atollic/truestudio for stm32 9.1.0/armtools/bin/../lib/gcc/arm-atollic-eabi/6.3.1/armv7e-m/fpu\libgcc.a(_udivmoddi4.o)
                0x08003004                __exidx_end = .

.rel.dyn        0x08003004        0x0
 .rel.iplt      0x08003004        0x0 c:/program files (x86)/atollic/truestudio for stm32 9.1.0/armtools/bin/../lib/gcc/arm-atollic-eabi/6.3.1/armv7e-m/fpu/crtbegin.o

.preinit_array  0x08003004        0x0
                0x08003004                PROVIDE (__preinit_array_start, .)
 *(.preinit_array*)
                0x08003004                PROVIDE (__preinit_array_end, .)

.init_array     0x08003004        0x4
                0x08003004                PROVIDE (__init_array_start, .)
 *(SORT(.init_array.*))
 *(.init_array*)
 .init_array    0x08003004        0x4 c:/program files (x86)/atollic/truestudio for stm32 9.1.0/armtools/bin/../lib/gcc/arm-atollic-eabi/6.3.1/armv7e-m/fpu/crtbegin.o
                0x08003008                PROVIDE (__init_array_end, .)

.fini_array     0x08003008        0x4
                [!provide]                PROVIDE (__fini_array_start, .)
 *(SORT(.fini_array.*))
 *(.fini_array*)
 .fini_array    0x08003008        0x4 c:/program files (x86)/atollic/truestudio for stm32 9.1.0/armtools/bin/../lib/gcc/arm-atollic-eabi/6.3.1/armv7e-m/fpu/crtbegin.o
                [!provide]                PROVIDE (__fini_array_end, .)
                0x0800300c                _sidata = LOADADDR (.data)

.data           0x20000000      0x1c4 load address 0x0800300c
                0x20000000                . = ALIGN (0x4)
                0x20000000                _sdata = .
 *(.data)
 *(.data*)
 .data.uwTickFreq
                0x20000000        0x1 Drivers\STM32F4xx_HAL_Driver\Src\stm32f4xx_hal.o
                0x20000000                uwTickFreq
 *fill*         0x20000001        0x3 
 .data.uwTickPrio
                0x20000004        0x4 Drivers\STM32F4xx_HAL_Driver\Src\stm32f4xx_hal.o
                0x20000004                uwTickPrio
 .data.USBD_CDC
                0x20000008       0x38 Middlewares\ST\STM32_USB_Device_Library\Class\CDC\Src\usbd_cdc.o
                0x20000008                USBD_CDC
 .data.USBD_CDC_CfgFSDesc
                0x20000040       0x43 Middlewares\ST\STM32_USB_Device_Library\Class\CDC\Src\usbd_cdc.o
                0x20000040                USBD_CDC_CfgFSDesc
 *fill*         0x20000083        0x1 
 .data.USBD_CDC_CfgHSDesc
                0x20000084       0x43 Middlewares\ST\STM32_USB_Device_Library\Class\CDC\Src\usbd_cdc.o
                0x20000084                USBD_CDC_CfgHSDesc
 *fill*         0x200000c7        0x1 
 .data.USBD_CDC_DeviceQualifierDesc
                0x200000c8        0xa Middlewares\ST\STM32_USB_Device_Library\Class\CDC\Src\usbd_cdc.o
 *fill*         0x200000d2        0x2 
 .data.USBD_CDC_OtherSpeedCfgDesc
                0x200000d4       0x43 Middlewares\ST\STM32_USB_Device_Library\Class\CDC\Src\usbd_cdc.o
                0x200000d4                USBD_CDC_OtherSpeedCfgDesc
 *fill*         0x20000117        0x1 
 .data.SystemCoreClock
                0x20000118        0x4 Src\system_stm32f4xx.o
                0x20000118                SystemCoreClock
 .data.USBD_Interface_fops_FS
                0x2000011c       0x10 Src\usbd_cdc_if.o
                0x2000011c                USBD_Interface_fops_FS
 .data.FS_Desc  0x2000012c       0x1c Src\usbd_desc.o
                0x2000012c                FS_Desc
 .data.USBD_FS_DeviceDesc
                0x20000148       0x12 Src\usbd_desc.o
                0x20000148                USBD_FS_DeviceDesc
 *fill*         0x2000015a        0x2 
 .data.USBD_LangIDDesc
                0x2000015c        0x4 Src\usbd_desc.o
                0x2000015c                USBD_LangIDDesc
 .data._impure_ptr
                0x20000160        0x4 c:/program files (x86)/atollic/truestudio for stm32 9.1.0/armtools/bin/../lib/gcc/arm-atollic-eabi/6.3.1/../../../../arm-atollic-eabi/lib/armv7e-m/fpu\libc_nano.a(lib_a-impure.o)
                0x20000160                _impure_ptr
 .data.impure_data
                0x20000164       0x60 c:/program files (x86)/atollic/truestudio for stm32 9.1.0/armtools/bin/../lib/gcc/arm-atollic-eabi/6.3.1/../../../../arm-atollic-eabi/lib/armv7e-m/fpu\libc_nano.a(lib_a-impure.o)
                0x200001c4                . = ALIGN (0x4)
                0x200001c4                _edata = .
                0x080031d0                _siccmram = LOADADDR (.ccmram)

.igot.plt       0x200001c4        0x0 load address 0x080031d0
 .igot.plt      0x200001c4        0x0 c:/program files (x86)/atollic/truestudio for stm32 9.1.0/armtools/bin/../lib/gcc/arm-atollic-eabi/6.3.1/armv7e-m/fpu/crtbegin.o

.ccmram         0x10000000        0x0 load address 0x080031d0
                0x10000000                . = ALIGN (0x4)
                0x10000000                _sccmram = .
 *(.ccmram)
 *(.ccmram*)
                0x10000000                . = ALIGN (0x4)
                0x10000000                _eccmram = .
                0x10000000                . = ALIGN (0x4)

.bss            0x200001c4     0x1848
                0x200001c4                _sbss = .
                0x200001c4                __bss_start__ = _sbss
 *(.bss)
 .bss           0x200001c4       0x1c c:/program files (x86)/atollic/truestudio for stm32 9.1.0/armtools/bin/../lib/gcc/arm-atollic-eabi/6.3.1/armv7e-m/fpu/crtbegin.o
 *(.bss*)
 .bss.ifalt.9375
                0x200001e0        0x1 Middlewares\ST\STM32_USB_Device_Library\Class\CDC\Src\usbd_cdc.o
 .bss.cfgidx.9380
                0x200001e1        0x1 Middlewares\ST\STM32_USB_Device_Library\Core\Src\usbd_ctlreq.o
 *fill*         0x200001e2        0x2 
 .bss.__malloc_free_list
                0x200001e4        0x4 c:/program files (x86)/atollic/truestudio for stm32 9.1.0/armtools/bin/../lib/gcc/arm-atollic-eabi/6.3.1/../../../../arm-atollic-eabi/lib/armv7e-m/fpu\libc_nano.a(lib_a-nano-mallocr.o)
                0x200001e4                __malloc_free_list
 .bss.__malloc_sbrk_start
                0x200001e8        0x4 c:/program files (x86)/atollic/truestudio for stm32 9.1.0/armtools/bin/../lib/gcc/arm-atollic-eabi/6.3.1/../../../../arm-atollic-eabi/lib/armv7e-m/fpu\libc_nano.a(lib_a-nano-mallocr.o)
                0x200001e8                __malloc_sbrk_start
 .bss.heap_end.5239
                0x200001ec        0x4 c:/program files (x86)/atollic/truestudio for stm32 9.1.0/armtools/bin/../lib/gcc/arm-atollic-eabi/6.3.1/../../../../arm-atollic-eabi/lib/armv7e-m/fpu\libnosys.a(sbrk.o)
 *(COMMON)
 COMMON         0x200001f0        0x4 Drivers\STM32F4xx_HAL_Driver\Src\stm32f4xx_hal.o
                0x200001f0                uwTick
 COMMON         0x200001f4      0x224 Src\usb_device.o
                0x200001f4                hUsbDeviceFS
 COMMON         0x20000418     0x1000 Src\usbd_cdc_if.o
                0x20000418                UserRxBufferFS
                0x20000c18                UserTxBufferFS
 COMMON         0x20001418      0x3f0 Src\usbd_conf.o
                0x20001418                hpcd_USB_OTG_FS
 COMMON         0x20001808      0x200 Src\usbd_desc.o
                0x20001808                USBD_StrDesc
 COMMON         0x20001a08        0x4 c:/program files (x86)/atollic/truestudio for stm32 9.1.0/armtools/bin/../lib/gcc/arm-atollic-eabi/6.3.1/../../../../arm-atollic-eabi/lib/armv7e-m/fpu\libc_nano.a(lib_a-reent.o)
                0x20001a08                errno
                0x20001a0c                . = ALIGN (0x4)
                0x20001a0c                _ebss = .
                0x20001a0c                __bss_end__ = _ebss

._user_heap_stack
                0x20001a0c      0x600
                0x20001a0c                . = ALIGN (0x4)
                0x20001a0c                PROVIDE (end, .)
                [!provide]                PROVIDE (_end, .)
                0x20001c0c                . = (. + _Min_Heap_Size)
 *fill*         0x20001a0c      0x200 
                0x2000200c                . = (. + _Min_Stack_Size)
 *fill*         0x20001c0c      0x400 
                0x2000200c                . = ALIGN (0x4)

/DISCARD/
 libc.a(*)
 libm.a(*)
 libgcc.a(*)

.ARM.attributes
                0x00000000       0x30
 *(.ARM.attributes)
 .ARM.attributes
                0x00000000       0x22 c:/program files (x86)/atollic/truestudio for stm32 9.1.0/armtools/bin/../lib/gcc/arm-atollic-eabi/6.3.1/armv7e-m/fpu/crti.o
 .ARM.attributes
                0x00000022       0x34 c:/program files (x86)/atollic/truestudio for stm32 9.1.0/armtools/bin/../lib/gcc/arm-atollic-eabi/6.3.1/armv7e-m/fpu/crtbegin.o
 .ARM.attributes
                0x00000056       0x39 Drivers\STM32F4xx_HAL_Driver\Src\stm32f4xx_hal.o
 .ARM.attributes
                0x0000008f       0x39 Drivers\STM32F4xx_HAL_Driver\Src\stm32f4xx_hal_cortex.o
 .ARM.attributes
                0x000000c8       0x39 Drivers\STM32F4xx_HAL_Driver\Src\stm32f4xx_hal_gpio.o
 .ARM.attributes
                0x00000101       0x39 Drivers\STM32F4xx_HAL_Driver\Src\stm32f4xx_hal_pcd.o
 .ARM.attributes
                0x0000013a       0x39 Drivers\STM32F4xx_HAL_Driver\Src\stm32f4xx_hal_pcd_ex.o
 .ARM.attributes
                0x00000173       0x39 Drivers\STM32F4xx_HAL_Driver\Src\stm32f4xx_hal_rcc.o
 .ARM.attributes
                0x000001ac       0x39 Drivers\STM32F4xx_HAL_Driver\Src\stm32f4xx_ll_usb.o
 .ARM.attributes
                0x000001e5       0x39 Middlewares\ST\STM32_USB_Device_Library\Class\CDC\Src\usbd_cdc.o
 .ARM.attributes
                0x0000021e       0x39 Middlewares\ST\STM32_USB_Device_Library\Core\Src\usbd_core.o
 .ARM.attributes
                0x00000257       0x39 Middlewares\ST\STM32_USB_Device_Library\Core\Src\usbd_ctlreq.o
 .ARM.attributes
                0x00000290       0x39 Middlewares\ST\STM32_USB_Device_Library\Core\Src\usbd_ioreq.o
 .ARM.attributes
                0x000002c9       0x39 Src\main.o
 .ARM.attributes
                0x00000302       0x39 Src\stm32f4xx_hal_msp.o
 .ARM.attributes
                0x0000033b       0x39 Src\stm32f4xx_it.o
 .ARM.attributes
                0x00000374       0x39 Src\system_stm32f4xx.o
 .ARM.attributes
                0x000003ad       0x39 Src\usb_device.o
 .ARM.attributes
                0x000003e6       0x39 Src\usbd_cdc_if.o
 .ARM.attributes
                0x0000041f       0x39 Src\usbd_conf.o
 .ARM.attributes
                0x00000458       0x39 Src\usbd_desc.o
 .ARM.attributes
                0x00000491       0x21 startup\startup_stm32f407xx.o
 .ARM.attributes
                0x000004b2       0x34 c:/program files (x86)/atollic/truestudio for stm32 9.1.0/armtools/bin/../lib/gcc/arm-atollic-eabi/6.3.1/../../../../arm-atollic-eabi/lib/armv7e-m/fpu\libc_nano.a(lib_a-init.o)
 .ARM.attributes
                0x000004e6       0x34 c:/program files (x86)/atollic/truestudio for stm32 9.1.0/armtools/bin/../lib/gcc/arm-atollic-eabi/6.3.1/../../../../arm-atollic-eabi/lib/armv7e-m/fpu\libc_nano.a(lib_a-malloc.o)
 .ARM.attributes
                0x0000051a       0x34 c:/program files (x86)/atollic/truestudio for stm32 9.1.0/armtools/bin/../lib/gcc/arm-atollic-eabi/6.3.1/../../../../arm-atollic-eabi/lib/armv7e-m/fpu\libc_nano.a(lib_a-memset.o)
 .ARM.attributes
                0x0000054e       0x34 c:/program files (x86)/atollic/truestudio for stm32 9.1.0/armtools/bin/../lib/gcc/arm-atollic-eabi/6.3.1/../../../../arm-atollic-eabi/lib/armv7e-m/fpu\libc_nano.a(lib_a-nano-freer.o)
 .ARM.attributes
                0x00000582       0x34 c:/program files (x86)/atollic/truestudio for stm32 9.1.0/armtools/bin/../lib/gcc/arm-atollic-eabi/6.3.1/../../../../arm-atollic-eabi/lib/armv7e-m/fpu\libc_nano.a(lib_a-nano-mallocr.o)
 .ARM.attributes
                0x000005b6       0x34 c:/program files (x86)/atollic/truestudio for stm32 9.1.0/armtools/bin/../lib/gcc/arm-atollic-eabi/6.3.1/../../../../arm-atollic-eabi/lib/armv7e-m/fpu\libc_nano.a(lib_a-sbrkr.o)
 .ARM.attributes
                0x000005ea       0x34 c:/program files (x86)/atollic/truestudio for stm32 9.1.0/armtools/bin/../lib/gcc/arm-atollic-eabi/6.3.1/../../../../arm-atollic-eabi/lib/armv7e-m/fpu\libc_nano.a(lib_a-impure.o)
 .ARM.attributes
                0x0000061e       0x34 c:/program files (x86)/atollic/truestudio for stm32 9.1.0/armtools/bin/../lib/gcc/arm-atollic-eabi/6.3.1/../../../../arm-atollic-eabi/lib/armv7e-m/fpu\libc_nano.a(lib_a-mlock.o)
 .ARM.attributes
                0x00000652       0x34 c:/program files (x86)/atollic/truestudio for stm32 9.1.0/armtools/bin/../lib/gcc/arm-atollic-eabi/6.3.1/../../../../arm-atollic-eabi/lib/armv7e-m/fpu\libc_nano.a(lib_a-reent.o)
 .ARM.attributes
                0x00000686       0x22 c:/program files (x86)/atollic/truestudio for stm32 9.1.0/armtools/bin/../lib/gcc/arm-atollic-eabi/6.3.1/armv7e-m/fpu\libgcc.a(_aeabi_uldivmod.o)
 .ARM.attributes
                0x000006a8       0x34 c:/program files (x86)/atollic/truestudio for stm32 9.1.0/armtools/bin/../lib/gcc/arm-atollic-eabi/6.3.1/armv7e-m/fpu\libgcc.a(_udivmoddi4.o)
 .ARM.attributes
                0x000006dc       0x22 c:/program files (x86)/atollic/truestudio for stm32 9.1.0/armtools/bin/../lib/gcc/arm-atollic-eabi/6.3.1/armv7e-m/fpu\libgcc.a(_dvmd_tls.o)
 .ARM.attributes
                0x000006fe       0x34 c:/program files (x86)/atollic/truestudio for stm32 9.1.0/armtools/bin/../lib/gcc/arm-atollic-eabi/6.3.1/../../../../arm-atollic-eabi/lib/armv7e-m/fpu\libnosys.a(sbrk.o)
 .ARM.attributes
                0x00000732       0x22 c:/program files (x86)/atollic/truestudio for stm32 9.1.0/armtools/bin/../lib/gcc/arm-atollic-eabi/6.3.1/armv7e-m/fpu/crtn.o
OUTPUT(usbTest.elf elf32-littlearm)

.debug_info     0x00000000    0x16b58
 .debug_info    0x00000000     0x11ec Drivers\STM32F4xx_HAL_Driver\Src\stm32f4xx_hal.o
 .debug_info    0x000011ec     0x1744 Drivers\STM32F4xx_HAL_Driver\Src\stm32f4xx_hal_cortex.o
 .debug_info    0x00002930      0xf88 Drivers\STM32F4xx_HAL_Driver\Src\stm32f4xx_hal_gpio.o
 .debug_info    0x000038b8     0x1c57 Drivers\STM32F4xx_HAL_Driver\Src\stm32f4xx_hal_pcd.o
 .debug_info    0x0000550f      0xdc5 Drivers\STM32F4xx_HAL_Driver\Src\stm32f4xx_hal_pcd_ex.o
 .debug_info    0x000062d4     0x1269 Drivers\STM32F4xx_HAL_Driver\Src\stm32f4xx_hal_rcc.o
 .debug_info    0x0000753d     0x1f59 Drivers\STM32F4xx_HAL_Driver\Src\stm32f4xx_ll_usb.o
 .debug_info    0x00009496     0x14f6 Middlewares\ST\STM32_USB_Device_Library\Class\CDC\Src\usbd_cdc.o
 .debug_info    0x0000a98c     0x1438 Middlewares\ST\STM32_USB_Device_Library\Core\Src\usbd_core.o
 .debug_info    0x0000bdc4     0x1499 Middlewares\ST\STM32_USB_Device_Library\Core\Src\usbd_ctlreq.o
 .debug_info    0x0000d25d      0xfc5 Middlewares\ST\STM32_USB_Device_Library\Core\Src\usbd_ioreq.o
 .debug_info    0x0000e222     0x11f6 Src\main.o
 .debug_info    0x0000f418      0xb44 Src\stm32f4xx_hal_msp.o
 .debug_info    0x0000ff5c      0xdcc Src\stm32f4xx_it.o
 .debug_info    0x00010d28      0xd1c Src\system_stm32f4xx.o
 .debug_info    0x00011a44      0xe79 Src\usb_device.o
 .debug_info    0x000128bd     0x11d9 Src\usbd_cdc_if.o
 .debug_info    0x00013a96     0x228d Src\usbd_conf.o
 .debug_info    0x00015d23      0xd81 Src\usbd_desc.o
 .debug_info    0x00016aa4       0xb4 startup\startup_stm32f407xx.o

.debug_abbrev   0x00000000     0x33b0
 .debug_abbrev  0x00000000      0x308 Drivers\STM32F4xx_HAL_Driver\Src\stm32f4xx_hal.o
 .debug_abbrev  0x00000308      0x399 Drivers\STM32F4xx_HAL_Driver\Src\stm32f4xx_hal_cortex.o
 .debug_abbrev  0x000006a1      0x268 Drivers\STM32F4xx_HAL_Driver\Src\stm32f4xx_hal_gpio.o
 .debug_abbrev  0x00000909      0x397 Drivers\STM32F4xx_HAL_Driver\Src\stm32f4xx_hal_pcd.o
 .debug_abbrev  0x00000ca0      0x213 Drivers\STM32F4xx_HAL_Driver\Src\stm32f4xx_hal_pcd_ex.o
 .debug_abbrev  0x00000eb3      0x353 Drivers\STM32F4xx_HAL_Driver\Src\stm32f4xx_hal_rcc.o
 .debug_abbrev  0x00001206      0x380 Drivers\STM32F4xx_HAL_Driver\Src\stm32f4xx_ll_usb.o
 .debug_abbrev  0x00001586      0x2e8 Middlewares\ST\STM32_USB_Device_Library\Class\CDC\Src\usbd_cdc.o
 .debug_abbrev  0x0000186e      0x31b Middlewares\ST\STM32_USB_Device_Library\Core\Src\usbd_core.o
 .debug_abbrev  0x00001b89      0x3aa Middlewares\ST\STM32_USB_Device_Library\Core\Src\usbd_ctlreq.o
 .debug_abbrev  0x00001f33      0x1da Middlewares\ST\STM32_USB_Device_Library\Core\Src\usbd_ioreq.o
 .debug_abbrev  0x0000210d      0x2aa Src\main.o
 .debug_abbrev  0x000023b7      0x1d2 Src\stm32f4xx_hal_msp.o
 .debug_abbrev  0x00002589      0x233 Src\stm32f4xx_it.o
 .debug_abbrev  0x000027bc      0x1ca Src\system_stm32f4xx.o
 .debug_abbrev  0x00002986      0x1e4 Src\usb_device.o
 .debug_abbrev  0x00002b6a      0x2eb Src\usbd_cdc_if.o
 .debug_abbrev  0x00002e55      0x2e8 Src\usbd_conf.o
 .debug_abbrev  0x0000313d      0x261 Src\usbd_desc.o
 .debug_abbrev  0x0000339e       0x12 startup\startup_stm32f407xx.o

.debug_loc      0x00000000     0x52e4
 .debug_loc     0x00000000      0x11b Drivers\STM32F4xx_HAL_Driver\Src\stm32f4xx_hal.o
 .debug_loc     0x0000011b      0x4fb Drivers\STM32F4xx_HAL_Driver\Src\stm32f4xx_hal_cortex.o
 .debug_loc     0x00000616      0x3cd Drivers\STM32F4xx_HAL_Driver\Src\stm32f4xx_hal_gpio.o
 .debug_loc     0x000009e3      0xb60 Drivers\STM32F4xx_HAL_Driver\Src\stm32f4xx_hal_pcd.o
 .debug_loc     0x00001543      0x10a Drivers\STM32F4xx_HAL_Driver\Src\stm32f4xx_hal_pcd_ex.o
 .debug_loc     0x0000164d      0x336 Drivers\STM32F4xx_HAL_Driver\Src\stm32f4xx_hal_rcc.o
 .debug_loc     0x00001983     0x1632 Drivers\STM32F4xx_HAL_Driver\Src\stm32f4xx_ll_usb.o
 .debug_loc     0x00002fb5      0x4cf Middlewares\ST\STM32_USB_Device_Library\Class\CDC\Src\usbd_cdc.o
 .debug_loc     0x00003484      0x5d4 Middlewares\ST\STM32_USB_Device_Library\Core\Src\usbd_core.o
 .debug_loc     0x00003a58      0x7cd Middlewares\ST\STM32_USB_Device_Library\Core\Src\usbd_ctlreq.o
 .debug_loc     0x00004225      0x23c Middlewares\ST\STM32_USB_Device_Library\Core\Src\usbd_ioreq.o
 .debug_loc     0x00004461      0x11c Src\system_stm32f4xx.o
 .debug_loc     0x0000457d      0x199 Src\usbd_cdc_if.o
 .debug_loc     0x00004716      0x95b Src\usbd_conf.o
 .debug_loc     0x00005071      0x273 Src\usbd_desc.o

.debug_aranges  0x00000000      0x928
 .debug_aranges
                0x00000000       0xd8 Drivers\STM32F4xx_HAL_Driver\Src\stm32f4xx_hal.o
 .debug_aranges
                0x000000d8       0xa8 Drivers\STM32F4xx_HAL_Driver\Src\stm32f4xx_hal_cortex.o
 .debug_aranges
                0x00000180       0x58 Drivers\STM32F4xx_HAL_Driver\Src\stm32f4xx_hal_gpio.o
 .debug_aranges
                0x000001d8       0xc0 Drivers\STM32F4xx_HAL_Driver\Src\stm32f4xx_hal_pcd.o
 .debug_aranges
                0x00000298       0x28 Drivers\STM32F4xx_HAL_Driver\Src\stm32f4xx_hal_pcd_ex.o
 .debug_aranges
                0x000002c0       0x88 Drivers\STM32F4xx_HAL_Driver\Src\stm32f4xx_hal_rcc.o
 .debug_aranges
                0x00000348      0x178 Drivers\STM32F4xx_HAL_Driver\Src\stm32f4xx_ll_usb.o
 .debug_aranges
                0x000004c0       0x90 Middlewares\ST\STM32_USB_Device_Library\Class\CDC\Src\usbd_cdc.o
 .debug_aranges
                0x00000550       0xa0 Middlewares\ST\STM32_USB_Device_Library\Core\Src\usbd_core.o
 .debug_aranges
                0x000005f0       0x50 Middlewares\ST\STM32_USB_Device_Library\Core\Src\usbd_ctlreq.o
 .debug_aranges
                0x00000640       0x50 Middlewares\ST\STM32_USB_Device_Library\Core\Src\usbd_ioreq.o
 .debug_aranges
                0x00000690       0x30 Src\main.o
 .debug_aranges
                0x000006c0       0x20 Src\stm32f4xx_hal_msp.o
 .debug_aranges
                0x000006e0       0x50 Src\stm32f4xx_it.o
 .debug_aranges
                0x00000730       0x28 Src\system_stm32f4xx.o
 .debug_aranges
                0x00000758       0x20 Src\usb_device.o
 .debug_aranges
                0x00000778       0x40 Src\usbd_cdc_if.o
 .debug_aranges
                0x000007b8       0xf8 Src\usbd_conf.o
 .debug_aranges
                0x000008b0       0x50 Src\usbd_desc.o
 .debug_aranges
                0x00000900       0x28 startup\startup_stm32f407xx.o

.debug_ranges   0x00000000      0x9f8
 .debug_ranges  0x00000000       0xc8 Drivers\STM32F4xx_HAL_Driver\Src\stm32f4xx_hal.o
 .debug_ranges  0x000000c8      0x138 Drivers\STM32F4xx_HAL_Driver\Src\stm32f4xx_hal_cortex.o
 .debug_ranges  0x00000200       0x68 Drivers\STM32F4xx_HAL_Driver\Src\stm32f4xx_hal_gpio.o
 .debug_ranges  0x00000268       0xc8 Drivers\STM32F4xx_HAL_Driver\Src\stm32f4xx_hal_pcd.o
 .debug_ranges  0x00000330       0x18 Drivers\STM32F4xx_HAL_Driver\Src\stm32f4xx_hal_pcd_ex.o
 .debug_ranges  0x00000348       0xb0 Drivers\STM32F4xx_HAL_Driver\Src\stm32f4xx_hal_rcc.o
 .debug_ranges  0x000003f8      0x180 Drivers\STM32F4xx_HAL_Driver\Src\stm32f4xx_ll_usb.o
 .debug_ranges  0x00000578       0x80 Middlewares\ST\STM32_USB_Device_Library\Class\CDC\Src\usbd_cdc.o
 .debug_ranges  0x000005f8       0x90 Middlewares\ST\STM32_USB_Device_Library\Core\Src\usbd_core.o
 .debug_ranges  0x00000688       0xc0 Middlewares\ST\STM32_USB_Device_Library\Core\Src\usbd_ctlreq.o
 .debug_ranges  0x00000748       0x40 Middlewares\ST\STM32_USB_Device_Library\Core\Src\usbd_ioreq.o
 .debug_ranges  0x00000788       0x50 Src\main.o
 .debug_ranges  0x000007d8       0x28 Src\stm32f4xx_hal_msp.o
 .debug_ranges  0x00000800       0x40 Src\stm32f4xx_it.o
 .debug_ranges  0x00000840       0x18 Src\system_stm32f4xx.o
 .debug_ranges  0x00000858       0x10 Src\usb_device.o
 .debug_ranges  0x00000868       0x30 Src\usbd_cdc_if.o
 .debug_ranges  0x00000898      0x100 Src\usbd_conf.o
 .debug_ranges  0x00000998       0x40 Src\usbd_desc.o
 .debug_ranges  0x000009d8       0x20 startup\startup_stm32f407xx.o

.debug_line     0x00000000     0x55b8
 .debug_line    0x00000000      0x492 Drivers\STM32F4xx_HAL_Driver\Src\stm32f4xx_hal.o
 .debug_line    0x00000492      0x4dc Drivers\STM32F4xx_HAL_Driver\Src\stm32f4xx_hal_cortex.o
 .debug_line    0x0000096e      0x47a Drivers\STM32F4xx_HAL_Driver\Src\stm32f4xx_hal_gpio.o
 .debug_line    0x00000de8      0x74a Drivers\STM32F4xx_HAL_Driver\Src\stm32f4xx_hal_pcd.o
 .debug_line    0x00001532      0x2ff Drivers\STM32F4xx_HAL_Driver\Src\stm32f4xx_hal_pcd_ex.o
 .debug_line    0x00001831      0x58b Drivers\STM32F4xx_HAL_Driver\Src\stm32f4xx_hal_rcc.o
 .debug_line    0x00001dbc      0x8eb Drivers\STM32F4xx_HAL_Driver\Src\stm32f4xx_ll_usb.o
 .debug_line    0x000026a7      0x4fb Middlewares\ST\STM32_USB_Device_Library\Class\CDC\Src\usbd_cdc.o
 .debug_line    0x00002ba2      0x4df Middlewares\ST\STM32_USB_Device_Library\Core\Src\usbd_core.o
 .debug_line    0x00003081      0x474 Middlewares\ST\STM32_USB_Device_Library\Core\Src\usbd_ctlreq.o
 .debug_line    0x000034f5      0x38a Middlewares\ST\STM32_USB_Device_Library\Core\Src\usbd_ioreq.o
 .debug_line    0x0000387f      0x409 Src\main.o
 .debug_line    0x00003c88      0x286 Src\stm32f4xx_hal_msp.o
 .debug_line    0x00003f0e      0x31a Src\stm32f4xx_it.o
 .debug_line    0x00004228      0x275 Src\system_stm32f4xx.o
 .debug_line    0x0000449d      0x357 Src\usb_device.o
 .debug_line    0x000047f4      0x3d7 Src\usbd_cdc_if.o
 .debug_line    0x00004bcb      0x606 Src\usbd_conf.o
 .debug_line    0x000051d1      0x368 Src\usbd_desc.o
 .debug_line    0x00005539       0x7f startup\startup_stm32f407xx.o

.debug_str      0x00000000     0x33a6
 .debug_str     0x00000000      0xf50 Drivers\STM32F4xx_HAL_Driver\Src\stm32f4xx_hal.o
                                0xff6 (size before relaxing)
 .debug_str     0x00000f50      0x3d6 Drivers\STM32F4xx_HAL_Driver\Src\stm32f4xx_hal_cortex.o
                               0x10cd (size before relaxing)
 .debug_str     0x00001326      0x1d8 Drivers\STM32F4xx_HAL_Driver\Src\stm32f4xx_hal_gpio.o
                                0x9a3 (size before relaxing)
 .debug_str     0x000014fe      0x9cf Drivers\STM32F4xx_HAL_Driver\Src\stm32f4xx_hal_pcd.o
                               0x10ab (size before relaxing)
 .debug_str     0x00001ecd       0x72 Drivers\STM32F4xx_HAL_Driver\Src\stm32f4xx_hal_pcd_ex.o
                                0xa2f (size before relaxing)
 .debug_str     0x00001f3f      0x2d5 Drivers\STM32F4xx_HAL_Driver\Src\stm32f4xx_hal_rcc.o
                                0xb76 (size before relaxing)
 .debug_str     0x00002214      0x3c4 Drivers\STM32F4xx_HAL_Driver\Src\stm32f4xx_ll_usb.o
                               0x1053 (size before relaxing)
 .debug_str     0x000025d8      0x623 Middlewares\ST\STM32_USB_Device_Library\Class\CDC\Src\usbd_cdc.o
                                0xd74 (size before relaxing)
 .debug_str     0x00002bfb      0x2a0 Middlewares\ST\STM32_USB_Device_Library\Core\Src\usbd_core.o
                                0xcfe (size before relaxing)
 .debug_str     0x00002e9b      0x125 Middlewares\ST\STM32_USB_Device_Library\Core\Src\usbd_ctlreq.o
                                0xc18 (size before relaxing)
 .debug_str     0x00002fc0       0x51 Middlewares\ST\STM32_USB_Device_Library\Core\Src\usbd_ioreq.o
                                0xb45 (size before relaxing)
 .debug_str     0x00003011       0x5b Src\main.o
                                0x9f5 (size before relaxing)
 .debug_str     0x0000306c       0x1b Src\stm32f4xx_hal_msp.o
                                0x7a8 (size before relaxing)
 .debug_str     0x00003087       0xc8 Src\stm32f4xx_it.o
                                0xa62 (size before relaxing)
 .debug_str     0x0000314f       0x45 Src\system_stm32f4xx.o
                                0x807 (size before relaxing)
 .debug_str     0x00003194       0x38 Src\usb_device.o
                                0xade (size before relaxing)
 .debug_str     0x000031cc       0x7b Src\usbd_cdc_if.o
                                0xc38 (size before relaxing)
 .debug_str     0x00003247       0x51 Src\usbd_conf.o
                               0x1934 (size before relaxing)
 .debug_str     0x00003298      0x10e Src\usbd_desc.o
                                0x8b9 (size before relaxing)

.comment        0x00000000       0x7c
 .comment       0x00000000       0x7c Drivers\STM32F4xx_HAL_Driver\Src\stm32f4xx_hal.o
                                 0x7d (size before relaxing)
 .comment       0x0000007c       0x7d Drivers\STM32F4xx_HAL_Driver\Src\stm32f4xx_hal_cortex.o
 .comment       0x0000007c       0x7d Drivers\STM32F4xx_HAL_Driver\Src\stm32f4xx_hal_gpio.o
 .comment       0x0000007c       0x7d Drivers\STM32F4xx_HAL_Driver\Src\stm32f4xx_hal_pcd.o
 .comment       0x0000007c       0x7d Drivers\STM32F4xx_HAL_Driver\Src\stm32f4xx_hal_pcd_ex.o
 .comment       0x0000007c       0x7d Drivers\STM32F4xx_HAL_Driver\Src\stm32f4xx_hal_rcc.o
 .comment       0x0000007c       0x7d Drivers\STM32F4xx_HAL_Driver\Src\stm32f4xx_ll_usb.o
 .comment       0x0000007c       0x7d Middlewares\ST\STM32_USB_Device_Library\Class\CDC\Src\usbd_cdc.o
 .comment       0x0000007c       0x7d Middlewares\ST\STM32_USB_Device_Library\Core\Src\usbd_core.o
 .comment       0x0000007c       0x7d Middlewares\ST\STM32_USB_Device_Library\Core\Src\usbd_ctlreq.o
 .comment       0x0000007c       0x7d Middlewares\ST\STM32_USB_Device_Library\Core\Src\usbd_ioreq.o
 .comment       0x0000007c       0x7d Src\main.o
 .comment       0x0000007c       0x7d Src\stm32f4xx_hal_msp.o
 .comment       0x0000007c       0x7d Src\stm32f4xx_it.o
 .comment       0x0000007c       0x7d Src\system_stm32f4xx.o
 .comment       0x0000007c       0x7d Src\usb_device.o
 .comment       0x0000007c       0x7d Src\usbd_cdc_if.o
 .comment       0x0000007c       0x7d Src\usbd_conf.o
 .comment       0x0000007c       0x7d Src\usbd_desc.o

.debug_frame    0x00000000     0x1878
 .debug_frame   0x00000000      0x1d0 Drivers\STM32F4xx_HAL_Driver\Src\stm32f4xx_hal.o
 .debug_frame   0x000001d0      0x158 Drivers\STM32F4xx_HAL_Driver\Src\stm32f4xx_hal_cortex.o
 .debug_frame   0x00000328       0xd8 Drivers\STM32F4xx_HAL_Driver\Src\stm32f4xx_hal_gpio.o
 .debug_frame   0x00000400      0x2c4 Drivers\STM32F4xx_HAL_Driver\Src\stm32f4xx_hal_pcd.o
 .debug_frame   0x000006c4       0x3c Drivers\STM32F4xx_HAL_Driver\Src\stm32f4xx_hal_pcd_ex.o
 .debug_frame   0x00000700      0x13c Drivers\STM32F4xx_HAL_Driver\Src\stm32f4xx_hal_rcc.o
 .debug_frame   0x0000083c      0x468 Drivers\STM32F4xx_HAL_Driver\Src\stm32f4xx_ll_usb.o
 .debug_frame   0x00000ca4      0x14c Middlewares\ST\STM32_USB_Device_Library\Class\CDC\Src\usbd_cdc.o
 .debug_frame   0x00000df0      0x1b8 Middlewares\ST\STM32_USB_Device_Library\Core\Src\usbd_core.o
 .debug_frame   0x00000fa8       0xcc Middlewares\ST\STM32_USB_Device_Library\Core\Src\usbd_ctlreq.o
 .debug_frame   0x00001074       0xb8 Middlewares\ST\STM32_USB_Device_Library\Core\Src\usbd_ioreq.o
 .debug_frame   0x0000112c       0x5c Src\main.o
 .debug_frame   0x00001188       0x28 Src\stm32f4xx_hal_msp.o
 .debug_frame   0x000011b0       0xb0 Src\stm32f4xx_it.o
 .debug_frame   0x00001260       0x38 Src\system_stm32f4xx.o
 .debug_frame   0x00001298       0x2c Src\usb_device.o
 .debug_frame   0x000012c4       0x88 Src\usbd_cdc_if.o
 .debug_frame   0x0000134c      0x26c Src\usbd_conf.o
 .debug_frame   0x000015b8       0xa8 Src\usbd_desc.o
 .debug_frame   0x00001660       0x2c c:/program files (x86)/atollic/truestudio for stm32 9.1.0/armtools/bin/../lib/gcc/arm-atollic-eabi/6.3.1/../../../../arm-atollic-eabi/lib/armv7e-m/fpu\libc_nano.a(lib_a-init.o)
 .debug_frame   0x0000168c       0x30 c:/program files (x86)/atollic/truestudio for stm32 9.1.0/armtools/bin/../lib/gcc/arm-atollic-eabi/6.3.1/../../../../arm-atollic-eabi/lib/armv7e-m/fpu\libc_nano.a(lib_a-malloc.o)
 .debug_frame   0x000016bc       0x20 c:/program files (x86)/atollic/truestudio for stm32 9.1.0/armtools/bin/../lib/gcc/arm-atollic-eabi/6.3.1/../../../../arm-atollic-eabi/lib/armv7e-m/fpu\libc_nano.a(lib_a-memset.o)
 .debug_frame   0x000016dc       0x38 c:/program files (x86)/atollic/truestudio for stm32 9.1.0/armtools/bin/../lib/gcc/arm-atollic-eabi/6.3.1/../../../../arm-atollic-eabi/lib/armv7e-m/fpu\libc_nano.a(lib_a-nano-freer.o)
 .debug_frame   0x00001714       0x2c c:/program files (x86)/atollic/truestudio for stm32 9.1.0/armtools/bin/../lib/gcc/arm-atollic-eabi/6.3.1/../../../../arm-atollic-eabi/lib/armv7e-m/fpu\libc_nano.a(lib_a-nano-mallocr.o)
 .debug_frame   0x00001740       0x2c c:/program files (x86)/atollic/truestudio for stm32 9.1.0/armtools/bin/../lib/gcc/arm-atollic-eabi/6.3.1/../../../../arm-atollic-eabi/lib/armv7e-m/fpu\libc_nano.a(lib_a-sbrkr.o)
 .debug_frame   0x0000176c       0x30 c:/program files (x86)/atollic/truestudio for stm32 9.1.0/armtools/bin/../lib/gcc/arm-atollic-eabi/6.3.1/../../../../arm-atollic-eabi/lib/armv7e-m/fpu\libc_nano.a(lib_a-mlock.o)
 .debug_frame   0x0000179c       0x5c c:/program files (x86)/atollic/truestudio for stm32 9.1.0/armtools/bin/../lib/gcc/arm-atollic-eabi/6.3.1/../../../../arm-atollic-eabi/lib/armv7e-m/fpu\libc_nano.a(lib_a-reent.o)
 .debug_frame   0x000017f8       0x2c c:/program files (x86)/atollic/truestudio for stm32 9.1.0/armtools/bin/../lib/gcc/arm-atollic-eabi/6.3.1/armv7e-m/fpu\libgcc.a(_aeabi_uldivmod.o)
 .debug_frame   0x00001824       0x34 c:/program files (x86)/atollic/truestudio for stm32 9.1.0/armtools/bin/../lib/gcc/arm-atollic-eabi/6.3.1/armv7e-m/fpu\libgcc.a(_udivmoddi4.o)
 .debug_frame   0x00001858       0x20 c:/program files (x86)/atollic/truestudio for stm32 9.1.0/armtools/bin/../lib/gcc/arm-atollic-eabi/6.3.1/../../../../arm-atollic-eabi/lib/armv7e-m/fpu\libnosys.a(sbrk.o)
